
> app-biblia-react@0.0.0 build
> vite build

vite v7.2.7 building client environment for production...
transforming...
✓ 41 modules transformed.
✗ Build failed in 5.42s
error during build:
src/App.jsx (7:7): "default" is not exported by "src/components/Dictionary.jsx", imported by "src/App.jsx".
file: /Users/williangutnik/Documents/GitHub/Clone/src/App.jsx:7:7

5: import Reader from './components/Reader';
6: import Search from './components/Search';
7: import Dictionary from './components/Dictionary';
          ^
8: import Commentary from './components/Commentary';
9: import History from './components/History';

    at getRollupError (file:///Users/williangutnik/Documents/GitHub/Clone/node_modules/rollup/dist/es/shared/parseAst.js:401:41)
    at error (file:///Users/williangutnik/Documents/GitHub/Clone/node_modules/rollup/dist/es/shared/parseAst.js:397:42)
    at Module.error (file:///Users/williangutnik/Documents/GitHub/Clone/node_modules/rollup/dist/es/shared/node-entry.js:16830:16)
    at Module.traceVariable (file:///Users/williangutnik/Documents/GitHub/Clone/node_modules/rollup/dist/es/shared/node-entry.js:17279:29)
    at ModuleScope.findVariable (file:///Users/williangutnik/Documents/GitHub/Clone/node_modules/rollup/dist/es/shared/node-entry.js:14925:39)
    at FunctionScope.findVariable (file:///Users/williangutnik/Documents/GitHub/Clone/node_modules/rollup/dist/es/shared/node-entry.js:5620:38)
    at FunctionBodyScope.findVariable (file:///Users/williangutnik/Documents/GitHub/Clone/node_modules/rollup/dist/es/shared/node-entry.js:5620:38)
    at Identifier.bind (file:///Users/williangutnik/Documents/GitHub/Clone/node_modules/rollup/dist/es/shared/node-entry.js:5394:40)
    at CallExpression.bind (file:///Users/williangutnik/Documents/GitHub/Clone/node_modules/rollup/dist/es/shared/node-entry.js:2781:28)
    at CallExpression.bind (file:///Users/williangutnik/Documents/GitHub/Clone/node_modules/rollup/dist/es/shared/node-entry.js:11986:15)
